#-----------------------------------------------------------
# Vivado v2016.4 (64-bit)
# SW Build 1733598 on Wed Dec 14 22:35:39 MST 2016
# IP Build 1731160 on Wed Dec 14 23:47:21 MST 2016
# Start of session at: Fri Dec 30 12:22:43 2022
# Process ID: 6024
# Current directory: C:/Users/Wegdan/Documents/GitHub/PLC_Project/plc_project2
# Command line: vivado.exe -gui_launcher_event rodinguilauncherevent10228 C:\Users\Wegdan\Documents\GitHub\PLC_Project\plc_project2\PLC_Project.xpr
# Log file: C:/Users/Wegdan/Documents/GitHub/PLC_Project/plc_project2/vivado.log
# Journal file: C:/Users/Wegdan/Documents/GitHub/PLC_Project/plc_project2\vivado.jou
#-----------------------------------------------------------
start_gui
open_project C:/Users/Wegdan/Documents/GitHub/PLC_Project/plc_project2/PLC_Project.xpr
launch_simulation
source tb_neuralNetw.tcl
reset_run synth_1
launch_runs synth_1 -jobs 4
wait_on_run synth_1
launch_runs impl_1 -jobs 4
wait_on_run impl_1
open_run impl_1
open_run synth_1 -name synth_1
report_utilization -name utilization_1
relaunch_sim
relaunch_sim
add_bp {C:/Users/Wegdan/Documents/GitHub/PLC_Project/plc_project2/PLC_Project.srcs/sim_1/new/tb_neuralNetw.vhd} 69
remove_bps -file {C:/Users/Wegdan/Documents/GitHub/PLC_Project/plc_project2/PLC_Project.srcs/sim_1/new/tb_neuralNetw.vhd} -line 69
relaunch_sim
relaunch_sim
relaunch_sim
relaunch_sim
relaunch_sim
relaunch_sim
relaunch_sim
relaunch_sim
relaunch_sim
relaunch_sim
relaunch_sim
relaunch_sim
relaunch_sim
# Disabling source management mode.  This is to allow the top design properties to be set without GUI intervention.
set_property source_mgmt_mode None [current_project]
set_property top multiplieraccurate88_tb [get_filesets sim_1]
set_property top_lib xil_defaultlib [get_filesets sim_1]
# Re-enabling previously disabled source management mode.
set_property source_mgmt_mode All [current_project]
relaunch_sim
launch_simulation
source multiplieraccurate88_tb.tcl
relaunch_sim
# Disabling source management mode.  This is to allow the top design properties to be set without GUI intervention.
set_property source_mgmt_mode None [current_project]
set_property top tb_neuralNetw [get_filesets sim_1]
set_property top_lib xil_defaultlib [get_filesets sim_1]
# Re-enabling previously disabled source management mode.
set_property source_mgmt_mode All [current_project]
current_sim simulation_1
close_sim
launch_simulation
source tb_neuralNetw.tcl
add_wave {{/tb_neuralNetw/uut/MAC/sumtotal}} 
relaunch_sim
relaunch_sim
relaunch_sim
close [ open C:/Users/Wegdan/Documents/GitHub/PLC_Project/plc_project2/PLC_Project.srcs/sources_1/new/Adder_33bits.vhd w ]
add_files C:/Users/Wegdan/Documents/GitHub/PLC_Project/plc_project2/PLC_Project.srcs/sources_1/new/Adder_33bits.vhd
relaunch_sim
relaunch_sim
relaunch_sim
close [ open C:/Users/Wegdan/Documents/GitHub/PLC_Project/plc_project2/PLC_Project.srcs/sources_1/new/Adder_34bits.vhd w ]
add_files C:/Users/Wegdan/Documents/GitHub/PLC_Project/plc_project2/PLC_Project.srcs/sources_1/new/Adder_34bits.vhd
relaunch_sim
relaunch_sim
relaunch_sim
relaunch_sim
relaunch_sim
relaunch_sim
relaunch_sim
relaunch_sim
relaunch_sim
relaunch_sim
relaunch_sim
relaunch_sim
close_sim
close_sim
